// Jest Snapshot v1, https://goo.gl/fbAQLP

exports[`renders correctly when the certificate has been revoked 1`] = `
<div
  className="undefined undefined bg-white p-3"
>
  <div
    className="mb-3"
  >
    <h5>
      Details
    </h5>
  </div>
  <div>
    <div
      className="row"
    >
      <div
        className="col-2"
      >
        <i
          className="fas fa-times text-danger mr-2"
        />
      </div>
      <div
        className="col-10"
      >
        <div
          className="row"
        >
          Certificate has been tampered with
        </div>
      </div>
    </div>
    <div
      className="row"
    >
      <div
        className="col-2"
      >
        <i
          className="fas fa-times text-danger mr-2"
        />
      </div>
      <div
        className="col-10"
      >
        <div
          className="row"
        >
          Certificate not issued
        </div>
      </div>
    </div>
    <div
      className="row"
    >
      <div
        className="col-2"
      >
        <i
          className="fas fa-times text-danger mr-2"
        />
      </div>
      <div
        className="col-10"
      >
        <div
          className="row"
        >
          Certificate revoked
        </div>
      </div>
    </div>
    <div
      className="row"
    >
      <div
        className="col-2"
      >
        <i
          className="fas fa-times text-danger mr-2"
        />
      </div>
      <div
        className="col-10"
      >
        <div
          className="row"
        >
          Certificate issuer identity is invalid
        </div>
      </div>
    </div>
  </div>
</div>
`;

exports[`renders correctly when the certificate is invalid and hash, isseud, notRevoked, issuerIdentity status are not verified 1`] = `
<div
  className="undefined undefined bg-white p-3"
>
  <div
    className="mb-3"
  >
    <h5>
      Details
    </h5>
  </div>
  <div>
    <div
      className="row"
    >
      <div
        className="col-2"
      >
        <i
          className="fas fa-times text-danger mr-2"
        />
      </div>
      <div
        className="col-10"
      >
        <div
          className="row"
        >
          Certificate has been tampered with
        </div>
      </div>
    </div>
    <div
      className="row"
    >
      <div
        className="col-2"
      >
        <i
          className="fas fa-times text-danger mr-2"
        />
      </div>
      <div
        className="col-10"
      >
        <div
          className="row"
        >
          Certificate not issued
        </div>
      </div>
    </div>
    <div
      className="row"
    >
      <div
        className="col-2"
      >
        <i
          className="fas fa-times text-danger mr-2"
        />
      </div>
      <div
        className="col-10"
      >
        <div
          className="row"
        >
          Certificate revoked
        </div>
      </div>
    </div>
    <div
      className="row"
    >
      <div
        className="col-2"
      >
        <i
          className="fas fa-times text-danger mr-2"
        />
      </div>
      <div
        className="col-10"
      >
        <div
          className="row"
        >
          Certificate issuer identity is invalid
        </div>
      </div>
    </div>
  </div>
</div>
`;

exports[`renders correctly when the certificate verfied 1`] = `
<div
  className="undefined undefined bg-white p-3"
>
  <div
    className="mb-3"
  >
    <h5>
      Details
    </h5>
  </div>
  <div>
    <div
      className="row"
    >
      <div
        className="col-2"
      >
        <i
          className="fas fa-times text-danger mr-2"
        />
      </div>
      <div
        className="col-10"
      >
        <div
          className="row"
        >
          Certificate has been tampered with
        </div>
      </div>
    </div>
    <div
      className="row"
    >
      <div
        className="col-2"
      >
        <i
          className="fas fa-times text-danger mr-2"
        />
      </div>
      <div
        className="col-10"
      >
        <div
          className="row"
        >
          Certificate not issued
        </div>
      </div>
    </div>
    <div
      className="row"
    >
      <div
        className="col-2"
      >
        <i
          className="fas fa-times text-danger mr-2"
        />
      </div>
      <div
        className="col-10"
      >
        <div
          className="row"
        >
          Certificate revoked
        </div>
      </div>
    </div>
    <div
      className="row"
    >
      <div
        className="col-2"
      >
        <i
          className="fas fa-times text-danger mr-2"
        />
      </div>
      <div
        className="col-10"
      >
        <div
          className="row"
        >
          Certificate issuer identity is invalid
        </div>
      </div>
    </div>
  </div>
</div>
`;

exports[`renders correctly when the certificate\`s hash status not verified 1`] = `
<div
  className="undefined undefined bg-white p-3"
>
  <div
    className="mb-3"
  >
    <h5>
      Details
    </h5>
  </div>
  <div>
    <div
      className="row"
    >
      <div
        className="col-2"
      >
        <i
          className="fas fa-times text-danger mr-2"
        />
      </div>
      <div
        className="col-10"
      >
        <div
          className="row"
        >
          Certificate has been tampered with
        </div>
      </div>
    </div>
    <div
      className="row"
    >
      <div
        className="col-2"
      >
        <i
          className="fas fa-times text-danger mr-2"
        />
      </div>
      <div
        className="col-10"
      >
        <div
          className="row"
        >
          Certificate not issued
        </div>
      </div>
    </div>
    <div
      className="row"
    >
      <div
        className="col-2"
      >
        <i
          className="fas fa-times text-danger mr-2"
        />
      </div>
      <div
        className="col-10"
      >
        <div
          className="row"
        >
          Certificate revoked
        </div>
      </div>
    </div>
    <div
      className="row"
    >
      <div
        className="col-2"
      >
        <i
          className="fas fa-times text-danger mr-2"
        />
      </div>
      <div
        className="col-10"
      >
        <div
          className="row"
        >
          Certificate issuer identity is invalid
        </div>
      </div>
    </div>
  </div>
</div>
`;

exports[`renders correctly when the certificate\`s issue status not verified 1`] = `
<div
  className="undefined undefined bg-white p-3"
>
  <div
    className="mb-3"
  >
    <h5>
      Details
    </h5>
  </div>
  <div>
    <div
      className="row"
    >
      <div
        className="col-2"
      >
        <i
          className="fas fa-times text-danger mr-2"
        />
      </div>
      <div
        className="col-10"
      >
        <div
          className="row"
        >
          Certificate has been tampered with
        </div>
      </div>
    </div>
    <div
      className="row"
    >
      <div
        className="col-2"
      >
        <i
          className="fas fa-times text-danger mr-2"
        />
      </div>
      <div
        className="col-10"
      >
        <div
          className="row"
        >
          Certificate not issued
        </div>
      </div>
    </div>
    <div
      className="row"
    >
      <div
        className="col-2"
      >
        <i
          className="fas fa-times text-danger mr-2"
        />
      </div>
      <div
        className="col-10"
      >
        <div
          className="row"
        >
          Certificate revoked
        </div>
      </div>
    </div>
    <div
      className="row"
    >
      <div
        className="col-2"
      >
        <i
          className="fas fa-times text-danger mr-2"
        />
      </div>
      <div
        className="col-10"
      >
        <div
          className="row"
        >
          Certificate issuer identity is invalid
        </div>
      </div>
    </div>
  </div>
</div>
`;

exports[`renders correctly when the certificate\`s issuer not identified 1`] = `
<div
  className="undefined undefined bg-white p-3"
>
  <div
    className="mb-3"
  >
    <h5>
      Details
    </h5>
  </div>
  <div>
    <div
      className="row"
    >
      <div
        className="col-2"
      >
        <i
          className="fas fa-times text-danger mr-2"
        />
      </div>
      <div
        className="col-10"
      >
        <div
          className="row"
        >
          Certificate has been tampered with
        </div>
      </div>
    </div>
    <div
      className="row"
    >
      <div
        className="col-2"
      >
        <i
          className="fas fa-times text-danger mr-2"
        />
      </div>
      <div
        className="col-10"
      >
        <div
          className="row"
        >
          Certificate not issued
        </div>
      </div>
    </div>
    <div
      className="row"
    >
      <div
        className="col-2"
      >
        <i
          className="fas fa-times text-danger mr-2"
        />
      </div>
      <div
        className="col-10"
      >
        <div
          className="row"
        >
          Certificate revoked
        </div>
      </div>
    </div>
    <div
      className="row"
    >
      <div
        className="col-2"
      >
        <i
          className="fas fa-times text-danger mr-2"
        />
      </div>
      <div
        className="col-10"
      >
        <div
          className="row"
        >
          Certificate issuer identity is invalid
        </div>
      </div>
    </div>
  </div>
</div>
`;
